// Jest Snapshot v1, https://goo.gl/fbAQLP

exports[`Test Loader should render correctly 1`] = `
<div
  class="loadingIndicator"
  data-testid="loader"
>
  <div
    class="circle"
  />
  <div
    class="circle2"
  />
  <div
    class="circle3"
  />
</div>
`;
