// Jest Snapshot v1, https://goo.gl/fbAQLP

exports[`<StatUnit/> should renders correctly 1`] = `
<div
  class="unit"
>
  <div
    class="labelActive"
    data-testid="statUnitChildren"
  >
    Children
  </div>
  <span
    class="count"
  >
    0
  </span>
</div>
`;
