// Jest Snapshot v1, https://goo.gl/fbAQLP

exports[`Test search Action should renders correctly 1`] = `
<div
  class="container"
>
  <div>
    Children
  </div>
  <span
    class="label"
    data-testid="actionLabel"
  >
    label
  </span>
</div>
`;
